<html>
<body>
<pre>
<h1>µVision Build Log</h1>
<h2>Tool Versions:</h2>
IDE-Version: ¦ÌVision V5.34.0.0
Copyright (C) 2021 ARM Ltd and ARM Germany GmbH. All rights reserved.
License Information: hgfh e, gkgj, LIC=NHYH9-4373J-24RSS-LP45X-N00QW-XYN2K
 
Tool Versions:
Toolchain:       MDK-ARM Professional  Version: 5.34.0.0
Toolchain Path:  C:\Keil_v5\ARM\ARMCC\Bin
C Compiler:      Armcc.exe V5.06 update 7 (build 960)
Assembler:       Armasm.exe V5.06 update 7 (build 960)
Linker/Locator:  ArmLink.exe V5.06 update 7 (build 960)
Library Manager: ArmAr.exe V5.06 update 7 (build 960)
Hex Converter:   FromElf.exe V5.06 update 7 (build 960)
CPU DLL:         SARMCM3.DLL V5.34.0.0
Dialog DLL:      DCM.DLL V1.17.3.0
Target DLL:      STLink\ST-LINKIII-KEIL_SWO.dll V3.0.8.0
Dialog DLL:      TCM.DLL V1.48.0.0
 
<h2>Project:</h2>
C:\Users\e\Desktop\STM32RCT6\Project\RVMDK(uV4)\HelTec.uvprojx
Project File Date:  01/09/2022

<h2>Output:</h2>
*** Using Compiler 'V5.06 update 7 (build 960)', folder: 'C:\Keil_v5\ARM\ARMCC\Bin'
Rebuild target 'Template'
assembling startup_stm32f10x_hd.s...
compiling core_cm3.c...
compiling stm32f10x_dbgmcu.c...
compiling stm32f10x_cec.c...
compiling stm32f10x_dma.c...
compiling misc.c...
compiling system_stm32f10x.c...
compiling stm32f10x_can.c...
compiling stm32f10x_dac.c...
compiling stm32f10x_bkp.c...
compiling stm32f10x_crc.c...
compiling stm32f10x_exti.c...
compiling stm32f10x_adc.c...
compiling stm32f10x_i2c.c...
compiling stm32f10x_gpio.c...
compiling stm32f10x_flash.c...
compiling stm32f10x_iwdg.c...
compiling stm32f10x_pwr.c...
compiling stm32f10x_fsmc.c...
compiling stm32f10x_spi.c...
compiling stm32f10x_rtc.c...
compiling stm32f10x_sdio.c...
compiling stm32f10x_rcc.c...
compiling stm32f10x_tim.c...
compiling stm32f10x_wwdg.c...
compiling stm32f10x_usart.c...
compiling main.c...
..\..\User\main.c(119): warning:  #1-D: last line of file ends without a newline
  }
..\..\User\main.c: 1 warning, 0 errors
compiling stm32f10x_it.c...
compiling adc.c...
compiling dma.c...
compiling OLED.c...
compiling spi.c...
compiling ds18b20.c...
compiling bsp_exti.c...
compiling hc-rs04.c...
compiling iic.c...
compiling bsp_led.c...
compiling bsp_time.c...
..\..\other\time\bsp_time.c(3): warning:  #177-D: function "BASIC_TIM_NVIC_Config"  was declared but never referenced
  static void BASIC_TIM_NVIC_Config(void)
..\..\other\time\bsp_time.c: 1 warning, 0 errors
compiling bsp_key.c...
compiling delay.c...
compiling bsp_usart.c...
compiling l298n.c...
compiling ws2812.c...
..\..\other\ws2812b\ws2812.c(1): warning:  #1-D: last line of file ends without a newline
  #include "ws2812.h"
..\..\other\ws2812b\ws2812.c: 1 warning, 0 errors
compiling bsp_A4988.c...
compiling tracker.c...
compiling bsp_SysTick.c...
compiling bsp_esp8266.c...
compiling Common.c...
linking...
Program Size: Code=13824 RO-data=336 RW-data=52 ZI-data=1100  
FromELF: creating hex file...
"..\..\Output\HelTec.axf" - 0 Error(s), 3 Warning(s).

<h2>Software Packages used:</h2>

Package Vendor: Keil
                http://www.keil.com/pack/Keil.STM32F1xx_DFP.2.3.0.pack
                Keil.STM32F1xx_DFP.2.3.0
                STMicroelectronics STM32F1 Series Device Support, Drivers and Examples

<h2>Collection of Component include folders:</h2>
  D:\Program Files\Keil\STM32F1xx_DFP\2.3.0\Device\Include

<h2>Collection of Component Files used:</h2>
Build Time Elapsed:  00:00:04
</pre>
</body>
</html>
